Last login: Sun Aug 13 12:39:50 on ttys001
(base) rushikeshgadewar@Rushikeshs-MacBook-Air ~ % conda deactivate
rushikeshgadewar@Rushikeshs-MacBook-Air ~ % psql -U postgres -h localhost;
psql (15.3)
Type "help" for help.

postgres=# CREATE DATABASE pmp;
CREATE DATABASE
postgres=# \c pmp;
You are now connected to database "pmp" as user "postgres".
pmp=# CREATE EXTENSION IF NOT EXISTS timescaledb;
WARNING:  
WELCOME TO
 _____ _                               _     ____________  
|_   _(_)                             | |    |  _  \ ___ \ 
  | |  _ _ __ ___   ___  ___  ___ __ _| | ___| | | | |_/ / 
  | | | |  _ ` _ \ / _ \/ __|/ __/ _` | |/ _ \ | | | ___ \ 
  | | | | | | | | |  __/\__ \ (_| (_| | |  __/ |/ /| |_/ /
  |_| |_|_| |_| |_|\___||___/\___\__,_|_|\___|___/ \____/
               Running version 2.11.1
For more information on TimescaleDB, please visit the following links:

 1. Getting started: https://docs.timescale.com/timescaledb/latest/getting-started
 2. API reference documentation: https://docs.timescale.com/api/latest
 3. How TimescaleDB is designed: https://docs.timescale.com/timescaledb/latest/overview/core-concepts

Note: TimescaleDB collects anonymous reports to better understand and assist our users.
For more information and how to disable, please see our docs https://docs.timescale.com/timescaledb/latest/how-to-guides/configuration/telemetry.

CREATE EXTENSION
pmp=# psql -U postgres -h localhost -d pmp;
ERROR:  syntax error at or near "psql"
LINE 1: psql -U postgres -h localhost -d pmp;
        ^
pmp=# CREATE TABLE Asset(
pmp(#    Ticker TEXT PRIMARY KEY NOT NULL,
pmp(#    Category TEXT NOT NULL,
pmp(#    Name TEXT NOT NULL,
pmp(#    Description TEXT
pmp(# );
CREATE TABLE
pmp=# CREATE TABLE User(
pmp(#    UUID INT PRIMARY KEY NOT NULL,
pmp(#    Name TEXT NOT NULL,
pmp(#    Email TEXT NOT NULL,
pmp(#    Phone BIGINT NOT NULL CHECK (Phone> 0)
pmp(# );
ERROR:  syntax error at or near "User"
LINE 1: CREATE TABLE User(
                     ^
pmp=# CREATE TABLE Users(
pmp(#    UUID INT PRIMARY KEY NOT NULL,
pmp(#    Name TEXT NOT NULL,
pmp(#    Email TEXT NOT NULL,
pmp(#    Phone BIGINT NOT NULL CHECK (Phone> 0)
pmp(# );
CREATE TABLE
pmp=# CREATE TABLE Asset_Pricing(
pmp(#    Ticker TEXT NOT NULL REFERENCES Asset(Ticker),
pmp(#    Market_Traded DECIMAL  NOT NULL,
pmp(#    timestamp1 timestamp with time zone default now() not null,
pmp(#    market_value DECIMAL not null,
pmp(#    currency DECIMAL not null,
pmp(#    PRIMARY KEY (Ticker,Market_Traded)
pmp(# );
CREATE TABLE
pmp=# SELECT create_hypertable(‘Asset_Pricing’, 'timestamp1’);
pmp'# ^D\q
rushikeshgadewar@Rushikeshs-MacBook-Air ~ % psql -U postgres -h localhost;
psql (15.3)
Type "help" for help.

postgres=# \c pmp;
You are now connected to database "pmp" as user "postgres".
pmp=# CREATE TABLE Transaction(
pmp(# Transaction_ID INT PRIMARY KEY NOT NULL,
pmp(# UUID INT NOT NULL REFERENCES Users(UUID), Ticker TEXT NOT NULL REFERENCES Asset(Ticker), asset_market_price DECIMAL NOT NULL, quantity DECIMAL NOT NULL, Amount DECIMAL NOT NULL, platform_fee DECIMAL NOT NULL, Taxes DECIMAL NOT NULL, total_amount INT NOT NULL, currency DECIMAL NOT NULL, timestamp2 timestamp with time zone default now() not null
pmp(# );
CREATE TABLE
pmp=# SELECT create_hypertable(‘Transaction’, 'timestamp2’);
pmp'# ^D\q
rushikeshgadewar@Rushikeshs-MacBook-Air ~ % psql -U postgres -h localhost;
psql (15.3)
Type "help" for help.

postgres=# \c pmp;                                                              You are now connected to database "pmp" as user "postgres".
pmp=# CREATE TABLE Portfolio(
pmp(# UUID INT NOT NULL REFERENCES  Users(UUID),
pmp(# Ticker TEXT NOT NULL REFERENCES Asset(Ticker), current_ticker_value DECIMAL NOT NULL, invested_ticker_value DECIMAL NOT NULL, quantity DECIMAL NOT NULL, invested_value DECIMAL NOT NULL, current_value DECIMAL NOT NULL, percentage_change DECIMAL NOT NULL, timestamp3 timestamp with time zone default now() not null,
pmp(# currency DECIMAL NOT NULL,
pmp(# PRIMARY KEY (Ticker,UUID)
pmp(# );
CREATE TABLE
pmp=# SELECT create_hypertable(‘Portfolio’, 'timestamp3’);
pmp'# ^D\q
rushikeshgadewar@Rushikeshs-MacBook-Air ~ % pg_dump --no-owner pmp > pmp_dump.sql
pg_dump: warning: there are circular foreign-key constraints on this table:
pg_dump: warning: there are circular foreign-key constraints on this table:
pg_dump: warning: there are circular foreign-key constraints on this table:
rushikeshgadewar@Rushikeshs-MacBook-Air ~ % 


